---
source: components/markdown/src/markdown.rs
expression: html
---
<p>There is footnote definition?<sup class="footnote-reference" id="fr-1-1"><a href="#fn-1">1</a></sup></p>
<section class="footnotes">
<ol class="footnotes-list">
<li id="fn-1">
<p>It's before the reference. <a href="#fr-1-1">â†©</a></p>
</li>
</ol>
</section>
